swagger: "2.0"
info:
  version: ""
host: goa.design
consumes:
- application/json
- application/xml
- application/gob
produces:
- application/json
- application/xml
- application/gob
paths:
  /:
    post:
      operationId: testService#testEndpoint
      responses:
        "204":
          description: No Content response.
      schemes:
      - https
      summary: testEndpoint testService
      tags:
      - testService
    x-test-foo: bar
