func doHTTP(scheme, host string, timeout int, debug bool) (goa.Endpoint, any, error) {
	var (
		doer goahttp.Doer
	)
	{
		doer = &http.Client{Timeout: time.Duration(timeout) * time.Second}
		if debug {
			doer = goahttp.NewDebugDoer(doer)
		}
	}

	var (
		dialer *websocket.Dialer
	)
	{
		dialer = websocket.DefaultDialer
	}

	return cli.ParseEndpoint(
		scheme,
		host,
		doer,
		goahttp.RequestEncoder,
		goahttp.ResponseDecoder,
		debug,
		dialer,
		nil,
		nil,
	)
}

func httpUsageCommands() string {
	return cli.UsageCommands()
}

func httpUsageExamples() string {
	return cli.UsageExamples()
}
