{"openapi":"3.0.3","info":{"title":"","version":""},"servers":[{"url":"goa.design"}],"paths":{"/":{"post":{"tags":["testService"],"summary":"testEndpoint testService","operationId":"testService#testEndpoint","requestBody":{"required":true,"content":{"application/json":{"schema":{"type":"array","items":{"example":{"bar":[],"foo":["Non id consequatur quia aut sed.","Repudiandae sit."]},"$ref":"#/components/schemas/FoobarRequestBody"},"example":[{"bar":[],"foo":["Non id consequatur quia aut sed.","Repudiandae sit."]},{"bar":[],"foo":["Non id consequatur quia aut sed.","Repudiandae sit."]},{"bar":[],"foo":["Non id consequatur quia aut sed.","Repudiandae sit."]},{"bar":[],"foo":["Non id consequatur quia aut sed.","Repudiandae sit."]}]},"example":[{"bar":[],"foo":["Non id consequatur quia aut sed.","Repudiandae sit."]},{"bar":[],"foo":["Non id consequatur quia aut sed.","Repudiandae sit."]},{"bar":[],"foo":["Non id consequatur quia aut sed.","Repudiandae sit."]},{"bar":[],"foo":["Non id consequatur quia aut sed.","Repudiandae sit."]}]}}},"responses":{"200":{"description":"","content":{"":{"schema":{"type":"string","example":"","minLength":0,"maxLength":42},"example":""}}}}}}},"components":{"schemas":{"FoobarRequestBody":{"example":{"bar":[],"foo":["Non id consequatur quia aut sed.","Repudiandae sit."]},"$ref":"#/components/schemas/FoobarRequestBody"}}}}