{"openapi":"3.0.3","info":{"title":"","version":""},"servers":[{"url":"v1.goa.design","variables":{"version":{"default":"v1"}}}],"paths":{"/":{"post":{"tags":["testService"],"summary":"testEndpoint testService","operationId":"testService#testEndpoint","requestBody":{"content":{"application/json":{"schema":{"example":{},"$ref":"#/components/schemas/Empty"},"example":{}}}},"responses":{"204":{"description":"","content":{"":{"schema":{"example":{},"$ref":"#/components/schemas/Empty"},"example":{}}}}}}}},"components":{"schemas":{"Empty":{"example":{},"$ref":"#/components/schemas/Empty"}}}}