{"swagger":"2.0","info":{"title":"","version":"0.0.1"},"host":"goa.design","consumes":["application/json","application/xml","application/gob"],"produces":["application/json","application/xml","application/gob"],"paths":{"/":{"post":{"tags":["testService"],"summary":"testEndpoint testService","operationId":"testService#testEndpoint","parameters":[{"name":"array","in":"body","required":true,"schema":{"type":"array","items":{"$ref":"#/definitions/Foobar"}}}],"responses":{"200":{"description":"OK response.","schema":{"type":"string","minLength":0,"maxLength":42}}},"schemes":["https"]}}},"definitions":{"Bar":{"title":"Bar","type":"object","properties":{"string":{"type":"string","example":"","minLength":0,"maxLength":42}},"example":{"string":""}},"Foobar":{"title":"Foobar","type":"object","properties":{"bar":{"type":"array","items":{"$ref":"#/definitions/Bar"},"example":[{"string":""},{"string":""}],"minItems":0,"maxItems":42},"foo":{"type":"array","items":{"type":"string","example":"Beatae non id consequatur."},"example":[],"minItems":0,"maxItems":42}},"example":{"bar":[{"string":""},{"string":""}],"foo":["Repudiandae sit.","Asperiores fuga qui rem qui earum eos."]}}}}