{"swagger":"2.0","info":{"title":"","version":""},"host":"goa.design","consumes":["application/json","application/xml","application/gob"],"produces":["application/json","application/xml","application/gob"],"paths":{"/":{"post":{"tags":["testService"],"summary":"testEndpoint testService","operationId":"testService#testEndpoint","parameters":[{"name":"int","in":"body","required":true,"schema":{"type":"integer","minimum":0,"maximum":42}}],"responses":{"200":{"description":"OK response.","schema":{"type":"integer","minimum":0,"maximum":42}}},"schemes":["https"]}}}}