func main() {
	// Define command line flags, add any other flag required to configure the
	// service.
	var (
		hostF     = flag.String("host", "svc", "Server host (valid values: svc)")
		domainF   = flag.String("domain", "", "Host domain name (overrides host domain specified in service design)")
		httpPortF = flag.String("http-port", "", "HTTP port (overrides host HTTP port specified in service design)")
		grpcPortF = flag.String("grpc-port", "", "gRPC port (overrides host gRPC port specified in service design)")
		secureF   = flag.Bool("secure", false, "Use secure scheme (https or grpcs)")
		dbgF      = flag.Bool("debug", false, "Log request and response bodies")
	)
	flag.Parse()

	// Setup logger. Replace logger with your own log package of choice.
	format := log.FormatJSON
	if log.IsTerminal() {
		format = log.FormatTerminal
	}
	ctx := log.Context(context.Background(), log.WithFormat(format))
	if *dbgF {
		ctx = log.Context(ctx, log.WithDebug())
		log.Debugf(ctx, "debug logs enabled")
	}
	log.Print(ctx, log.KV{K: "http-port", V: *httpPortF})

	// Initialize the services.
	var (
		serviceWithSpacesSvc servicewithspaces.Service
	)
	{
		serviceWithSpacesSvc = apiwithspaces.NewServiceWithSpaces()
	}

	// Wrap the services in endpoints that can be invoked from other services
	// potentially running in different processes.
	var (
		serviceWithSpacesEndpoints *servicewithspaces.Endpoints
	)
	{
		serviceWithSpacesEndpoints = servicewithspaces.NewEndpoints(serviceWithSpacesSvc)
		serviceWithSpacesEndpoints.Use(debug.LogPayloads())
		serviceWithSpacesEndpoints.Use(log.Endpoint)
	}

	// Create channel used by both the signal handler and server goroutines
	// to notify the main goroutine when to stop the server.
	errc := make(chan error)

	// Setup interrupt handler. This optional step configures the process so
	// that SIGINT and SIGTERM signals cause the services to stop gracefully.
	go func() {
		c := make(chan os.Signal, 1)
		signal.Notify(c, syscall.SIGINT, syscall.SIGTERM)
		errc <- fmt.Errorf("%s", <-c)
	}()

	var wg sync.WaitGroup
	ctx, cancel := context.WithCancel(ctx)

	// Start the servers and send errors (if any) to the error channel.
	switch *hostF {
	case "svc":
		{
			addr := "http://localhost:80"
			u, err := url.Parse(addr)
			if err != nil {
				log.Fatalf(ctx, "invalid URL %#v: %s\n", addr, err)
			}
			if *secureF {
				u.Scheme = "https"
			}
			if *domainF != "" {
				u.Host = *domainF
			}
			if *httpPortF != "" {
				h, _, err := net.SplitHostPort(u.Host)
				if err != nil {
					log.Fatalf(ctx, "invalid URL %#v: %s\n", u.Host, err)
				}
				u.Host = net.JoinHostPort(h, *httpPortF)
			} else if u.Port() == "" {
				u.Host = net.JoinHostPort(u.Host, "80")
			}
			handleHTTPServer(ctx, u, serviceWithSpacesEndpoints, &wg, errc, *dbgF)
		}

		{
			addr := "grpc://localhost:8080"
			u, err := url.Parse(addr)
			if err != nil {
				log.Fatalf(ctx, "invalid URL %#v: %s\n", addr, err)
			}
			if *secureF {
				u.Scheme = "grpcs"
			}
			if *domainF != "" {
				u.Host = *domainF
			}
			if *grpcPortF != "" {
				h, _, err := net.SplitHostPort(u.Host)
				if err != nil {
					log.Fatalf(ctx, "invalid URL %#v: %s\n", u.Host, err)
				}
				u.Host = net.JoinHostPort(h, *grpcPortF)
			} else if u.Port() == "" {
				u.Host = net.JoinHostPort(u.Host, "8080")
			}
			handleGRPCServer(ctx, u, serviceWithSpacesEndpoints, &wg, errc, *dbgF)
		}

	default:
		log.Fatalf(ctx, "invalid host argument: %q (valid hosts: svc)\n", *hostF)
	}

	// Wait for signal.
	log.Printf(ctx, "exiting (%v)", <-errc)

	// Send cancellation signal to the goroutines.
	cancel()

	wg.Wait()
	log.Printf(ctx, "exited")
}
