func main() {
	// Define command line flags, add any other flag required to configure the
	// service.
	var (
		hostF     = flag.String("host", "dev", "Server host (valid values: dev, stage)")
		domainF   = flag.String("domain", "", "Host domain name (overrides host domain specified in service design)")
		httpPortF = flag.String("http-port", "", "HTTP port (overrides host HTTP port specified in service design)")
		versionF  = flag.String("version", "v1", "Version (valid values: v1, v2)")
		domainF   = flag.String("domain", "test", "Domain")
		portF     = flag.String("port", "8080", "Port")
		secureF   = flag.Bool("secure", false, "Use secure scheme (https or grpcs)")
		dbgF      = flag.Bool("debug", false, "Log request and response bodies")
	)
	flag.Parse()

	// Setup logger. Replace logger with your own log package of choice.
	format := log.FormatJSON
	if log.IsTerminal() {
		format = log.FormatTerminal
	}
	ctx := log.Context(context.Background(), log.WithFormat(format))
	if *dbgF {
		ctx = log.Context(ctx, log.WithDebug())
		log.Debugf(ctx, "debug logs enabled")
	}
	log.Print(ctx, log.KV{K: "http-port", V: *httpPortF})

	// Initialize the services.
	var (
		serviceSvc service.Service
	)
	{
		serviceSvc = singleservermultiplehostswithvariables.NewService()
	}

	// Wrap the services in endpoints that can be invoked from other services
	// potentially running in different processes.
	var (
		serviceEndpoints *service.Endpoints
	)
	{
		serviceEndpoints = service.NewEndpoints(serviceSvc)
		serviceEndpoints.Use(debug.LogPayloads())
		serviceEndpoints.Use(log.Endpoint)
	}

	// Create channel used by both the signal handler and server goroutines
	// to notify the main goroutine when to stop the server.
	errc := make(chan error)

	// Setup interrupt handler. This optional step configures the process so
	// that SIGINT and SIGTERM signals cause the services to stop gracefully.
	go func() {
		c := make(chan os.Signal, 1)
		signal.Notify(c, syscall.SIGINT, syscall.SIGTERM)
		errc <- fmt.Errorf("%s", <-c)
	}()

	var wg sync.WaitGroup
	ctx, cancel := context.WithCancel(ctx)

	// Start the servers and send errors (if any) to the error channel.
	switch *hostF {
	case "dev":
		{
			addr := "http://example-{version}:8090"
			var versionSeen bool
			{
				for _, v := range []string{"v1", "v2"} {
					if v == *versionF {
						versionSeen = true
						break
					}
				}
			}
			if !versionSeen {
				log.Fatalf(ctx, "invalid value for URL 'version' variable: %q (valid values: v1,v2)\n", *versionF)
			}
			addr = strings.Replace(addr, "{version}", *versionF, -1)
			u, err := url.Parse(addr)
			if err != nil {
				log.Fatalf(ctx, "invalid URL %#v: %s\n", addr, err)
			}
			if *secureF {
				u.Scheme = "https"
			}
			if *domainF != "" {
				u.Host = *domainF
			}
			if *httpPortF != "" {
				h, _, err := net.SplitHostPort(u.Host)
				if err != nil {
					log.Fatalf(ctx, "invalid URL %#v: %s\n", u.Host, err)
				}
				u.Host = net.JoinHostPort(h, *httpPortF)
			} else if u.Port() == "" {
				u.Host = net.JoinHostPort(u.Host, "80")
			}
			handleHTTPServer(ctx, u, serviceEndpoints, &wg, errc, *dbgF)
		}

	case "stage":
		{
			addr := "https://example-{domain}:{port}"
			addr = strings.Replace(addr, "{domain}", *domainF, -1)
			addr = strings.Replace(addr, "{port}", *portF, -1)
			u, err := url.Parse(addr)
			if err != nil {
				log.Fatalf(ctx, "invalid URL %#v: %s\n", addr, err)
			}
			if *secureF {
				u.Scheme = "https"
			}
			if *domainF != "" {
				u.Host = *domainF
			}
			if *httpPortF != "" {
				h, _, err := net.SplitHostPort(u.Host)
				if err != nil {
					log.Fatalf(ctx, "invalid URL %#v: %s\n", u.Host, err)
				}
				u.Host = net.JoinHostPort(h, *httpPortF)
			} else if u.Port() == "" {
				u.Host = net.JoinHostPort(u.Host, "443")
			}
			handleHTTPServer(ctx, u, serviceEndpoints, &wg, errc, *dbgF)
		}

	default:
		log.Fatalf(ctx, "invalid host argument: %q (valid hosts: dev|stage)\n", *hostF)
	}

	// Wait for signal.
	log.Printf(ctx, "exiting (%v)", <-errc)

	// Send cancellation signal to the goroutines.
	cancel()

	wg.Wait()
	log.Printf(ctx, "exited")
}
