{"swagger":"2.0","info":{"version":""},"host":"goa.design","paths":{"/":{"post":{"tags":["testService"],"summary":"testEndpoint testService","operationId":"testService#testEndpoint","parameters":[{"name":"array","in":"body","required":true,"schema":{"type":"array","items":{"type":"object","properties":{"bar":{"type":"array","items":{"$ref":"#/definitions/bar"},"minItems":0,"maxItems":42},"foo":{"type":"array","items":{"type":"string","minLength":0,"maxLength":42},"minItems":0,"maxItems":42}}},"minItems":0,"maxItems":42}}],"responses":{"200":{"description":"OK response.","schema":{"type":"string","minLength":0,"maxLength":42}}},"schemes":["https"]}}},"definitions":{"bar":{"title":"bar","type":"string","minLength":0,"maxLength":42}}}