{"swagger":"2.0","info":{"title":"","version":"0.0.1"},"host":"goa.design","consumes":["application/json","application/xml","application/gob"],"produces":["application/json","application/xml","application/gob"],"paths":{}}