{"swagger":"2.0","info":{"title":"","version":""},"host":"localhost:80","consumes":["application/json","application/xml","application/gob"],"produces":["application/json","application/xml","application/gob"],"paths":{"/path1":{"get":{"tags":["service-name"],"summary":"Download filename","operationId":"service-name#/path1","responses":{"200":{"description":"File downloaded","schema":{"type":"file"}}},"schemes":["http"]}},"/path2":{"get":{"tags":["user-tag"],"summary":"Download filename","operationId":"service-name#/path2","responses":{"200":{"description":"File downloaded","schema":{"type":"file"}}},"schemes":["http"]}}}}