swagger: "2.0"
info:
    title: ""
    version: 0.0.1
host: goa.design
consumes:
    - application/json
    - application/xml
    - application/gob
produces:
    - application/json
    - application/xml
    - application/gob
paths:
    /:
        get:
            tags:
                - testService
            summary: testEndpoint testService
            operationId: testService#testEndpoint
            parameters:
                - name: TestEndpointRequestBody
                  in: body
                  required: true
                  schema:
                    $ref: '#/definitions/TestServiceTestEndpointRequestBody'
                    required:
                        - required_string
            responses:
                "200":
                    description: OK response.
                    schema:
                        $ref: '#/definitions/TestServiceTestEndpointResponseBody'
                        required:
                            - required_int
            schemes:
                - https
definitions:
    TestServiceTestEndpointRequestBody:
        title: TestServiceTestEndpointRequestBody
        type: object
        properties:
            required_string:
                type: string
                example: ""
            string:
                type: string
                example: ""
        example:
            required_string: ""
            string: ""
        required:
            - required_string
    TestServiceTestEndpointResponseBody:
        title: TestServiceTestEndpointResponseBody
        type: object
        properties:
            int:
                type: integer
                example: 0
                format: int64
            required_int:
                type: integer
                example: 0
                format: int64
        example:
            int: 0
            required_int: 0
        required:
            - required_int
