{"swagger":"2.0","info":{"title":"","version":"0.0.1"},"host":"localhost:80","consumes":["application/json","application/xml","application/gob"],"produces":["application/json","application/xml","application/gob"],"paths":{"/{foo}/{bar}":{"post":{"tags":["test service"],"summary":"test endpoint test service","operationId":"test service#test endpoint","parameters":[{"name":"foo","in":"path","required":true,"type":"integer"},{"name":"bar","in":"path","required":true,"type":"integer"}],"responses":{"204":{"description":"No Content response."}},"schemes":["http"]}}}}