swagger: "2.0"
info:
  title: ""
  version: ""
host: localhost:80
consumes:
- application/json
- application/xml
- application/gob
produces:
- application/json
- application/xml
- application/gob
paths:
  /:
    get:
      tags:
      - testService
      summary: testEndpointA testService
      description: |2-

        **Required security scopes for basic**:
          * `api:read`

        **Required security scopes for jwt**:
          * `api:read`

        **Required security scopes for api_key**:
          * `api:read`
      operationId: testService#testEndpointA
      parameters:
      - name: k
        in: query
        required: true
        type: string
      - name: Token
        in: header
        required: true
        type: string
      - name: X-Authorization
        in: header
        required: true
        type: string
      - name: Authorization
        in: header
        description: Basic Auth security using Basic scheme (https://tools.ietf.org/html/rfc7617)
        required: true
        type: string
      responses:
        "200":
          description: OK response.
      schemes:
      - http
      security:
      - api_key_query_k: []
        basic_header_Authorization: []
        jwt_header_X-Authorization: []
        oauth2_header_Token:
        - api:read
    post:
      tags:
      - testService
      summary: testEndpointB testService
      operationId: testService#testEndpointB
      parameters:
      - name: auth
        in: query
        required: true
        type: string
      - name: Authorization
        in: header
        required: true
        type: string
      responses:
        "200":
          description: OK response.
      schemes:
      - http
      security:
      - api_key_header_Authorization: []
      - oauth2_query_auth:
        - api:read
        - api:write
securityDefinitions:
  api_key_header_Authorization:
    type: apiKey
    description: Secures endpoint by requiring an API key.
    name: Authorization
    in: header
  api_key_query_k:
    type: apiKey
    description: Secures endpoint by requiring an API key.
    name: k
    in: query
  basic_header_Authorization:
    type: basic
    description: Basic authentication used to authenticate security principal during
      signin
  jwt_header_X-Authorization:
    type: apiKey
    description: |-
      Secures endpoint by requiring a valid JWT token retrieved via the signin endpoint. Supports scopes "api:read" and "api:write".

      **Security Scopes**:
        * `api:read`: Read-only access
        * `api:write`: Read and write access
    name: X-Authorization
    in: header
  oauth2_header_Token:
    type: oauth2
    description: Secures endpoint by requiring a valid OAuth2 token retrieved via
      the signin endpoint. Supports scopes "api:read" and "api:write".
    flow: accessCode
    authorizationUrl: http://goa.design/authorization
    tokenUrl: http://goa.design/token
    scopes:
      api:read: Read-only access
      api:write: Read and write access
  oauth2_query_auth:
    type: oauth2
    description: Secures endpoint by requiring a valid OAuth2 token retrieved via
      the signin endpoint. Supports scopes "api:read" and "api:write".
    flow: accessCode
    authorizationUrl: http://goa.design/authorization
    tokenUrl: http://goa.design/token
    scopes:
      api:read: Read-only access
      api:write: Read and write access
