{"swagger":"2.0","info":{"title":"","version":"0.0.1"},"host":"localhost:80","consumes":["application/json","application/xml","application/gob"],"produces":["application/json","application/xml","application/gob"],"paths":{"/":{"post":{"tags":["test service"],"summary":"test endpoint test service","operationId":"test service#test endpoint","parameters":[{"name":"Test EndpointRequestBody","in":"body","required":true,"schema":{"$ref":"#/definitions/Bar"}}],"responses":{"200":{"description":"OK response.","schema":{"$ref":"#/definitions/GoaFoobar"}},"404":{"description":"Not Found response.","schema":{"$ref":"#/definitions/GoaFoobar"}}},"schemes":["http"]}}},"definitions":{"Bar":{"title":"Bar","type":"object","properties":{"string":{"type":"string","example":""}},"example":{"string":""}},"GoaFoobar":{"title":"Mediatype identifier: application/vnd.goa.foobar; view=default","type":"object","properties":{"bar":{"type":"array","items":{"$ref":"#/definitions/Bar"},"example":[{"string":""},{"string":""},{"string":""},{"string":""}]},"foo":{"type":"string","example":""}},"description":"Test EndpointOKResponseBody result type (default view)","example":{"bar":[{"string":""},{"string":""}],"foo":""}}}}