{"swagger":"2.0","info":{"title":"","version":""},"host":"localhost:80","consumes":["application/json","application/xml","application/gob"],"produces":["application/json","application/xml","application/gob"],"paths":{"/":{"post":{"tags":["test service"],"summary":"test endpoint test service","operationId":"test service#test endpoint","parameters":[{"name":"Test EndpointRequestBody","in":"body","required":true,"schema":{"$ref":"#/definitions/TestServiceTestEndpointRequestBody"}}],"responses":{"200":{"description":"OK response.","schema":{"$ref":"#/definitions/TestServiceTestEndpointResponseBody"}}},"schemes":["http"]}}},"definitions":{"FooBarResponseBody":{"title":"Mediatype identifier: application/vnd.goa.foobar; view=default","type":"object","properties":{"bar":{"type":"array","items":{"$ref":"#/definitions/barResponseBody"},"example":[{"string":""},{"string":""}]},"foo":{"type":"string","example":""}},"description":"Foo BarResponseBody result type (default view)","example":{"bar":[{"string":""},{"string":""},{"string":""},{"string":""}],"foo":""}},"TestServiceTestEndpointRequestBody":{"title":"TestServiceTestEndpointRequestBody","type":"object","properties":{"int_map":{"type":"object","example":{"":1},"additionalProperties":{"type":"integer","example":1,"format":"int64"}},"type_map":{"type":"object","example":{"":{"string":""}},"additionalProperties":{"$ref":"#/definitions/barRequestBody"}},"uint_map":{"type":"object","example":{"":1},"additionalProperties":{"type":"integer","example":1,"format":"int64"}}},"example":{"int_map":{"":1},"type_map":{"":{"string":""}},"uint_map":{"":1}}},"TestServiceTestEndpointResponseBody":{"title":"TestServiceTestEndpointResponseBody","type":"object","properties":{"resulttype_map":{"type":"object","example":{"":{"bar":[{"string":""},{"string":""}],"foo":""}},"additionalProperties":{"$ref":"#/definitions/FooBarResponseBody"}},"uint32_map":{"type":"object","example":{"":1},"additionalProperties":{"type":"integer","example":1,"format":"int32"}},"uint64_map":{"type":"object","example":{"":1},"additionalProperties":{"type":"integer","example":1,"format":"int64"}}},"example":{"resulttype_map":{"":{"bar":[{"string":""},{"string":""}],"foo":""}},"uint32_map":{"":1},"uint64_map":{"":1}}},"barRequestBody":{"title":"barRequestBody","type":"object","properties":{"string":{"type":"string","example":""}},"example":{"string":""}},"barResponseBody":{"title":"barResponseBody","type":"object","properties":{"string":{"type":"string","example":""}},"example":{"string":""}}}}