func transform() {
	var target *UnionUserType
	var name string
	switch source.(type) {
	case UnionStringIntString:
		name = "UnionStringIntString"
	case UnionStringIntInt:
		name = "UnionStringIntInt"
	}
	target = &UnionUserType{
		Type:  name,
		Value: source,
	}
}
