func transform() {
	var target *UnionString2
	switch actual := source.(type) {
	case UnionStringString:
		val := UnionString2String(actual)
		target = UnionString2{Value: val}
	}
}
