swagger: "2.0"
info:
  title: ""
  version: ""
host: localhost:80
consumes:
- application/json
- application/xml
- application/gob
produces:
- application/json
- application/xml
- application/gob
paths:
  /:
    get:
      tags:
      - testService
      summary: testEndpointDefault testService
      operationId: testService#testEndpointDefault
      responses:
        "204":
          description: No Content response.
          schema:
            $ref: '#/definitions/TestServiceTestEndpointDefaultResponseBody'
      schemes:
      - http
  /tiny:
    get:
      tags:
      - testService
      summary: testEndpointTiny testService
      operationId: testService#testEndpointTiny
      responses:
        "204":
          description: No Content response.
          schema:
            $ref: '#/definitions/TestServiceTestEndpointTinyResponseBodyTiny'
      schemes:
      - http
definitions:
  TestServiceTestEndpointDefaultResponseBody:
    title: 'Mediatype identifier: application/json; view=default'
    type: object
    properties:
      int:
        type: integer
        example: 1
        format: int64
      string:
        type: string
        example: ""
    description: TestEndpointDefaultResponseBody result type (default view)
    example:
      int: 1
      string: ""
  TestServiceTestEndpointTinyResponseBodyTiny:
    title: 'Mediatype identifier: application/json; view=tiny'
    type: object
    properties:
      string:
        type: string
        example: ""
    description: TestEndpointTinyResponseBody result type (tiny view) (default view)
    example:
      string: ""
