swagger: "2.0"
info:
  title: ""
  version: ""
host: goa.design
consumes:
- application/json
- application/xml
- application/gob
produces:
- application/json
- application/xml
- application/gob
paths:
  /:
    get:
      tags:
      - testService
      summary: testEndpoint testService
      operationId: testService#testEndpoint
      parameters:
      - name: TestEndpointRequestBody
        in: body
        required: true
        schema:
          $ref: '#/definitions/TestServiceTestEndpointRequestBody'
      responses:
        "200":
          description: OK response.
          schema:
            $ref: '#/definitions/TestServiceTestEndpointResponseBody'
      schemes:
      - https
    post:
      tags:
      - anotherTestService
      summary: testEndpoint anotherTestService
      operationId: anotherTestService#testEndpoint
      parameters:
      - name: TestEndpointRequestBody
        in: body
        required: true
        schema:
          $ref: '#/definitions/AnotherTestServiceTestEndpointRequestBody'
      responses:
        "200":
          description: OK response.
          schema:
            $ref: '#/definitions/AnotherTestServiceTestEndpointResponseBody'
      schemes:
      - https
definitions:
  AnotherTestServiceTestEndpointRequestBody:
    title: AnotherTestServiceTestEndpointRequestBody
    type: object
    properties:
      string:
        type: string
        example: ""
    example:
      string: ""
  AnotherTestServiceTestEndpointResponseBody:
    title: AnotherTestServiceTestEndpointResponseBody
    type: object
    properties:
      string:
        type: string
        example: ""
    example:
      string: ""
  TestServiceTestEndpointRequestBody:
    title: TestServiceTestEndpointRequestBody
    type: object
    properties:
      string:
        type: string
        example: ""
    example:
      string: ""
  TestServiceTestEndpointResponseBody:
    title: TestServiceTestEndpointResponseBody
    type: object
    properties:
      string:
        type: string
        example: ""
    example:
      string: ""
