swagger: "2.0"
info:
  title: ""
  version: ""
host: v1.goa.design
consumes:
- application/json
- application/xml
- application/gob
produces:
- application/json
- application/xml
- application/gob
paths:
  /:
    post:
      tags:
      - testService
      summary: testEndpoint testService
      operationId: testService#testEndpoint
      responses:
        "204":
          description: No Content response.
      schemes:
      - https
