{"swagger":"2.0","info":{"title":"","version":""},"host":"goa.design","consumes":["application/json","application/xml","application/gob"],"produces":["application/json","application/xml","application/gob"],"paths":{"/":{"get":{"tags":["testService"],"summary":"testEndpoint testService","operationId":"testService#testEndpoint","parameters":[{"name":"TestEndpointRequestBody","in":"body","required":true,"schema":{"$ref":"#/definitions/TestServiceTestEndpointRequestBody"}}],"responses":{"200":{"description":"OK response.","schema":{"$ref":"#/definitions/TestServiceTestEndpointResponseBody"}}},"schemes":["https"]}}},"definitions":{"TestServiceTestEndpointRequestBody":{"title":"TestServiceTestEndpointRequestBody","type":"object","properties":{"string":{"type":"string","example":""}},"example":{"string":""}},"TestServiceTestEndpointResponseBody":{"title":"TestServiceTestEndpointResponseBody","type":"object","properties":{"string":{"type":"string","example":""}},"example":{"string":""}}}}