{"swagger":"2.0","info":{"title":"","version":""},"host":"localhost:80","consumes":["application/json","application/xml","application/gob"],"produces":["application/json","application/xml","application/gob"],"paths":{"/":{"post":{"tags":["test service"],"summary":"test endpoint test service","operationId":"test service#test endpoint","parameters":[{"name":"Test EndpointRequestBody","in":"body","required":true,"schema":{"$ref":"#/definitions/TestServiceTestEndpointRequestBody"}}],"responses":{"200":{"description":"OK response.","schema":{"$ref":"#/definitions/TestServiceTestEndpointResponseBody"}}},"schemes":["http"]}}},"definitions":{"TestServiceTestEndpointRequestBody":{"title":"TestServiceTestEndpointRequestBody","type":"object","properties":{"int_map":{"type":"object","example":{"6168161092050465198":"Minus explicabo nemo."},"additionalProperties":true},"uint_map":{"type":"object","example":{"18090520906013632069":"Voluptatem et distinctio aliquam nihil.","2850694428022055785":"Aspernatur quo error explicabo pariatur.","7660851423302802934":"Aut voluptatum magni aperiam qui aut dicta."},"additionalProperties":true}},"example":{"int_map":{"6637046600858545825":"Debitis sit maiores aperiam autem non ea.","8306439688927314367":"Et nihil excepturi deserunt quasi."},"uint_map":{"14293785648556529023":"Aut non sunt.","4078477204800321146":"Excepturi totam.","7077168439692073874":"Aut facilis vel ipsam recusandae."}}},"TestServiceTestEndpointResponseBody":{"title":"TestServiceTestEndpointResponseBody","type":"object","properties":{"uint32_map":{"type":"object","example":{"3332928110":"Inventore et tempora et quae sunt itaque.","7133380":"Quia ullam aut iste iste perspiciatis repellendus.","900391531":"Recusandae doloribus."},"additionalProperties":true},"uint64_map":{"type":"object","example":{"2929115566830881500":"Velit assumenda fuga est sint maxime.","5721637919286150856":"Neque nisi quibusdam nisi sint sunt."},"additionalProperties":true}},"example":{"uint32_map":{"3679750251":"Iure sit consequuntur sint voluptate rem perspiciatis."},"uint64_map":{"1473875791224395371":"Aut ipsam provident aliquam tempora beatae."}}}}}