{"openapi":"3.0.3","info":{"title":"Goa API","version":"1.0"},"servers":[{"url":"https://goa.design"}],"paths":{"/":{"post":{"tags":["testService"],"summary":"testEndpoint testService","operationId":"testService#testEndpoint","requestBody":{"required":true,"content":{"application/json":{"schema":{"$ref":"#/components/schemas/TestEndpointRequestBody"},"example":{"string":""}}}},"responses":{"200":{"description":"OK response.","content":{"application/json":{"schema":{"$ref":"#/components/schemas/TestEndpointRequestBody"},"example":{"string":""}}}}}}}},"components":{"schemas":{"TestEndpointRequestBody":{"type":"object","properties":{"string":{"example":"","type":"string","x-test-schema":"Payload"}},"example":{"string":""}}}},"tags":[{"name":"testService"}]}