openapi: 3.0.3
info:
  title: Goa API
  version: "1.0"
servers:
- url: https://goa.design
paths:
  /:
    get:
      tags:
      - testService
      summary: testEndpoint testService
      operationId: testService#testEndpoint
      requestBody:
        required: true
        content:
          application/json:
            schema:
              $ref: '#/components/schemas/TestEndpointRequestBody'
            example:
              string: ""
      responses:
        "200":
          description: OK response.
          content:
            application/json:
              schema:
                $ref: '#/components/schemas/TestEndpointRequestBody'
              example:
                string: ""
    post:
      tags:
      - anotherTestService
      summary: testEndpoint anotherTestService
      operationId: anotherTestService#testEndpoint
      requestBody:
        required: true
        content:
          application/json:
            schema:
              $ref: '#/components/schemas/TestEndpointRequestBody'
            example:
              string: ""
      responses:
        "200":
          description: OK response.
          content:
            application/json:
              schema:
                $ref: '#/components/schemas/TestEndpointRequestBody'
              example:
                string: ""
components:
  schemas:
    TestEndpointRequestBody:
      type: object
      properties:
        string:
          type: string
          example: ""
      example:
        string: ""
tags:
- name: testService
- name: anotherTestService
