openapi: 3.0.3
info:
  title: Goa API
  version: "1.0"
servers:
- url: http://localhost:80
  description: Default server for test api
paths:
  /:
    get:
      tags:
      - testService
      summary: testEndpointDefault testService
      operationId: testService#testEndpointDefault
      responses:
        "200":
          description: OK response.
          content:
            application/custom+json:
              schema:
                description: 'Response body may alternatively be #/components/schemas/TestEndpointDefaultResponseBodyTiny'
                $ref: '#/components/schemas/Result'
              example:
                int: 1
                string: ""
  /tiny:
    get:
      tags:
      - testService
      summary: testEndpointTiny testService
      operationId: testService#testEndpointTiny
      responses:
        "200":
          description: OK response.
          content:
            application/vnd.custom+json:
              schema:
                description: 'Response body may alternatively be #/components/schemas/TestEndpointDefaultResponseBodyTiny'
                $ref: '#/components/schemas/Result'
              example:
                int: 1
                string: ""
components:
  schemas:
    Result:
      type: object
      properties:
        int:
          type: integer
          example: 1
          format: int64
        string:
          type: string
          example: ""
      example:
        int: 1
        string: ""
    TestEndpointDefaultResponseBodyTiny:
      type: object
      properties:
        string:
          type: string
          example: ""
      description: TestEndpointDefaultResponseBody result type (tiny view)
      example:
        string: ""
tags:
- name: testService
