openapi: 3.0.3
info:
  title: Goa API
  version: "1.0"
servers:
- url: https://{version}.goa.design
  variables:
    version:
      default: v1
paths:
  /:
    post:
      tags:
      - testService
      summary: testEndpoint testService
      operationId: testService#testEndpoint
      responses:
        "204":
          description: No Content response.
components: {}
