{"openapi":"3.0.3","info":{"title":"Goa API","version":"1.0"},"servers":[{"url":"v1.goa.design","variables":{"version":{"default":"v1"}}}],"paths":{"/":{"post":{"tags":["testService"],"summary":"testEndpoint testService","operationId":"testService#testEndpoint","responses":{"204":{"description":"","content":{"application/json":{"example":{}}}}}}}},"components":{}}