openapi: 3.0.3
info:
  title: Goa API
  version: "1.0"
servers:
- url: https://goa.design
paths:
  /:
    post:
      tags:
      - testService
      summary: testEndpoint testService
      operationId: testService#testEndpoint
      requestBody:
        required: true
        content:
          application/json:
            schema:
              type: string
              example: ""
              minLength: 0
              maxLength: 42
            example: ""
      responses:
        "200":
          description: OK response.
          content:
            application/json:
              schema:
                type: string
                example: ""
                minLength: 0
                maxLength: 42
              example: ""
components: {}
tags:
- name: testService
