{"openapi":"3.0.3","info":{"title":"Goa API","version":"0.0.1"},"servers":[{"url":"http://localhost:80","description":"Default server for test api"}],"paths":{"/":{"post":{"tags":["testService"],"summary":"testEndpoint testService","operationId":"testService#testEndpoint","requestBody":{"required":true,"content":{"application/json":{"schema":{"$ref":"#/components/schemas/TestEndpointRequestBody"},"example":{"any":"","any_array":["","","",""],"any_map":{"":""}}}}},"responses":{"200":{"description":"OK response.","content":{"application/json":{"schema":{"$ref":"#/components/schemas/TestEndpointRequestBody"},"example":{"any":"","any_array":["","",""],"any_map":{"":""}}}}}}}}},"components":{"schemas":{"TestEndpointRequestBody":{"type":"object","properties":{"any":{"example":""},"any_array":{"type":"array","items":{"example":""},"example":["","","",""]},"any_map":{"type":"object","example":{"":""},"additionalProperties":true}},"example":{"any":"","any_array":["",""],"any_map":{"":""}}}}},"tags":[{"name":"testService"}]}