openapi: 3.0.3
info:
  title: ""
  version: ""
servers:
- url: localhost:80
  description: Default server for test api
paths:
  /:
    post:
      tags:
      - test service
      summary: test endpoint test service
      operationId: test service#test endpoint
      requestBody:
        required: true
        content:
          application/json:
            schema:
              example:
                int_map:
                  15318818765368186: Quia ullam aut iste iste perspiciatis repellendus.
                  1933576090881074823: Recusandae doloribus.
                  7157408617753145166: Inventore et tempora et quae sunt itaque.
                uint_map:
                  2929115566830881500: Velit assumenda fuga est sint maxime.
                  5721637919286150856: Neque nisi quibusdam nisi sint sunt.
              $ref: '#/components/schemas/TestEndpointRequestBody'
            example:
              int_map:
                15318818765368186: Quia ullam aut iste iste perspiciatis repellendus.
                1933576090881074823: Recusandae doloribus.
                7157408617753145166: Inventore et tempora et quae sunt itaque.
              uint_map:
                2929115566830881500: Velit assumenda fuga est sint maxime.
                5721637919286150856: Neque nisi quibusdam nisi sint sunt.
      responses:
        "200":
          description: ""
          content:
            "":
              schema:
                example:
                  uint32_map:
                    3679750251: Iure sit consequuntur sint voluptate rem perspiciatis.
                  uint64_map:
                    1473875791224395371: Aut ipsam provident aliquam tempora beatae.
                $ref: '#/components/schemas/TestEndpointResponseBody'
              example:
                uint32_map:
                  3679750251: Iure sit consequuntur sint voluptate rem perspiciatis.
                uint64_map:
                  1473875791224395371: Aut ipsam provident aliquam tempora beatae.
components:
  schemas:
    TestEndpointRequestBody:
      example:
        int_map:
          15318818765368186: Quia ullam aut iste iste perspiciatis repellendus.
          1933576090881074823: Recusandae doloribus.
          7157408617753145166: Inventore et tempora et quae sunt itaque.
        uint_map:
          2929115566830881500: Velit assumenda fuga est sint maxime.
          5721637919286150856: Neque nisi quibusdam nisi sint sunt.
      $ref: '#/components/schemas/TestEndpointRequestBody'
    TestEndpointResponseBody:
      example:
        uint32_map:
          3679750251: Iure sit consequuntur sint voluptate rem perspiciatis.
        uint64_map:
          1473875791224395371: Aut ipsam provident aliquam tempora beatae.
      $ref: '#/components/schemas/TestEndpointResponseBody'
